This is pdfTeX, Version 3.1415926-2.5-1.40.14 (TeX Live 2013/Debian) (format=pdflatex 2016.2.20)  18 JUL 2016 09:43
entering extended mode
 \write18 enabled.
 %&-line parsing enabled.
**test.tex
(./test.tex
LaTeX2e <2011/06/27>
Babel <3.9h> and hyphenation patterns for 78 languages loaded.
(/usr/share/texlive/texmf-dist/tex/latex/base/article.cls
Document Class: article 2007/10/19 v1.4h Standard LaTeX document class
(/usr/share/texlive/texmf-dist/tex/latex/base/size10.clo
File: size10.clo 2007/10/19 v1.4h Standard LaTeX file (size option)
)
\c@part=\count79
\c@section=\count80
\c@subsection=\count81
\c@subsubsection=\count82
\c@paragraph=\count83
\c@subparagraph=\count84
\c@figure=\count85
\c@table=\count86
\abovecaptionskip=\skip41
\belowcaptionskip=\skip42
\bibindent=\dimen102
)
(/usr/share/texlive/texmf-dist/tex/latex/base/inputenc.sty
Package: inputenc 2008/03/30 v1.1d Input encoding file
\inpenc@prehook=\toks14
\inpenc@posthook=\toks15

(/usr/share/texlive/texmf-dist/tex/latex/base/utf8.def
File: utf8.def 2008/04/05 v1.1m UTF-8 support for inputenc
Now handling font encoding OML ...
... no UTF-8 mapping file for font encoding OML
Now handling font encoding T1 ...
... processing UTF-8 mapping file for font encoding T1

(/usr/share/texlive/texmf-dist/tex/latex/base/t1enc.dfu
File: t1enc.dfu 2008/04/05 v1.1m UTF-8 support for inputenc
   defining Unicode char U+00A1 (decimal 161)
   defining Unicode char U+00A3 (decimal 163)
   defining Unicode char U+00AB (decimal 171)
   defining Unicode char U+00BB (decimal 187)
   defining Unicode char U+00BF (decimal 191)
   defining Unicode char U+00C0 (decimal 192)
   defining Unicode char U+00C1 (decimal 193)
   defining Unicode char U+00C2 (decimal 194)
   defining Unicode char U+00C3 (decimal 195)
   defining Unicode char U+00C4 (decimal 196)
   defining Unicode char U+00C5 (decimal 197)
   defining Unicode char U+00C6 (decimal 198)
   defining Unicode char U+00C7 (decimal 199)
   defining Unicode char U+00C8 (decimal 200)
   defining Unicode char U+00C9 (decimal 201)
   defining Unicode char U+00CA (decimal 202)
   defining Unicode char U+00CB (decimal 203)
   defining Unicode char U+00CC (decimal 204)
   defining Unicode char U+00CD (decimal 205)
   defining Unicode char U+00CE (decimal 206)
   defining Unicode char U+00CF (decimal 207)
   defining Unicode char U+00D0 (decimal 208)
   defining Unicode char U+00D1 (decimal 209)
   defining Unicode char U+00D2 (decimal 210)
   defining Unicode char U+00D3 (decimal 211)
   defining Unicode char U+00D4 (decimal 212)
   defining Unicode char U+00D5 (decimal 213)
   defining Unicode char U+00D6 (decimal 214)
   defining Unicode char U+00D8 (decimal 216)
   defining Unicode char U+00D9 (decimal 217)
   defining Unicode char U+00DA (decimal 218)
   defining Unicode char U+00DB (decimal 219)
   defining Unicode char U+00DC (decimal 220)
   defining Unicode char U+00DD (decimal 221)
   defining Unicode char U+00DE (decimal 222)
   defining Unicode char U+00DF (decimal 223)
   defining Unicode char U+00E0 (decimal 224)
   defining Unicode char U+00E1 (decimal 225)
   defining Unicode char U+00E2 (decimal 226)
   defining Unicode char U+00E3 (decimal 227)
   defining Unicode char U+00E4 (decimal 228)
   defining Unicode char U+00E5 (decimal 229)
   defining Unicode char U+00E6 (decimal 230)
   defining Unicode char U+00E7 (decimal 231)
   defining Unicode char U+00E8 (decimal 232)
   defining Unicode char U+00E9 (decimal 233)
   defining Unicode char U+00EA (decimal 234)
   defining Unicode char U+00EB (decimal 235)
   defining Unicode char U+00EC (decimal 236)
   defining Unicode char U+00ED (decimal 237)
   defining Unicode char U+00EE (decimal 238)
   defining Unicode char U+00EF (decimal 239)
   defining Unicode char U+00F0 (decimal 240)
   defining Unicode char U+00F1 (decimal 241)
   defining Unicode char U+00F2 (decimal 242)
   defining Unicode char U+00F3 (decimal 243)
   defining Unicode char U+00F4 (decimal 244)
   defining Unicode char U+00F5 (decimal 245)
   defining Unicode char U+00F6 (decimal 246)
   defining Unicode char U+00F8 (decimal 248)
   defining Unicode char U+00F9 (decimal 249)
   defining Unicode char U+00FA (decimal 250)
   defining Unicode char U+00FB (decimal 251)
   defining Unicode char U+00FC (decimal 252)
   defining Unicode char U+00FD (decimal 253)
   defining Unicode char U+00FE (decimal 254)
   defining Unicode char U+00FF (decimal 255)
   defining Unicode char U+0102 (decimal 258)
   defining Unicode char U+0103 (decimal 259)
   defining Unicode char U+0104 (decimal 260)
   defining Unicode char U+0105 (decimal 261)
   defining Unicode char U+0106 (decimal 262)
   defining Unicode char U+0107 (decimal 263)
   defining Unicode char U+010C (decimal 268)
   defining Unicode char U+010D (decimal 269)
   defining Unicode char U+010E (decimal 270)
   defining Unicode char U+010F (decimal 271)
   defining Unicode char U+0110 (decimal 272)
   defining Unicode char U+0111 (decimal 273)
   defining Unicode char U+0118 (decimal 280)
   defining Unicode char U+0119 (decimal 281)
   defining Unicode char U+011A (decimal 282)
   defining Unicode char U+011B (decimal 283)
   defining Unicode char U+011E (decimal 286)
   defining Unicode char U+011F (decimal 287)
   defining Unicode char U+0130 (decimal 304)
   defining Unicode char U+0131 (decimal 305)
   defining Unicode char U+0132 (decimal 306)
   defining Unicode char U+0133 (decimal 307)
   defining Unicode char U+0139 (decimal 313)
   defining Unicode char U+013A (decimal 314)
   defining Unicode char U+013D (decimal 317)
   defining Unicode char U+013E (decimal 318)
   defining Unicode char U+0141 (decimal 321)
   defining Unicode char U+0142 (decimal 322)
   defining Unicode char U+0143 (decimal 323)
   defining Unicode char U+0144 (decimal 324)
   defining Unicode char U+0147 (decimal 327)
   defining Unicode char U+0148 (decimal 328)
   defining Unicode char U+014A (decimal 330)
   defining Unicode char U+014B (decimal 331)
   defining Unicode char U+0150 (decimal 336)
   defining Unicode char U+0151 (decimal 337)
   defining Unicode char U+0152 (decimal 338)
   defining Unicode char U+0153 (decimal 339)
   defining Unicode char U+0154 (decimal 340)
   defining Unicode char U+0155 (decimal 341)
   defining Unicode char U+0158 (decimal 344)
   defining Unicode char U+0159 (decimal 345)
   defining Unicode char U+015A (decimal 346)
   defining Unicode char U+015B (decimal 347)
   defining Unicode char U+015E (decimal 350)
   defining Unicode char U+015F (decimal 351)
   defining Unicode char U+0160 (decimal 352)
   defining Unicode char U+0161 (decimal 353)
   defining Unicode char U+0162 (decimal 354)
   defining Unicode char U+0163 (decimal 355)
   defining Unicode char U+0164 (decimal 356)
   defining Unicode char U+0165 (decimal 357)
   defining Unicode char U+016E (decimal 366)
   defining Unicode char U+016F (decimal 367)
   defining Unicode char U+0170 (decimal 368)
   defining Unicode char U+0171 (decimal 369)
   defining Unicode char U+0178 (decimal 376)
   defining Unicode char U+0179 (decimal 377)
   defining Unicode char U+017A (decimal 378)
   defining Unicode char U+017B (decimal 379)
   defining Unicode char U+017C (decimal 380)
   defining Unicode char U+017D (decimal 381)
   defining Unicode char U+017E (decimal 382)
   defining Unicode char U+200C (decimal 8204)
   defining Unicode char U+2013 (decimal 8211)
   defining Unicode char U+2014 (decimal 8212)
   defining Unicode char U+2018 (decimal 8216)
   defining Unicode char U+2019 (decimal 8217)
   defining Unicode char U+201A (decimal 8218)
   defining Unicode char U+201C (decimal 8220)
   defining Unicode char U+201D (decimal 8221)
   defining Unicode char U+201E (decimal 8222)
   defining Unicode char U+2030 (decimal 8240)
   defining Unicode char U+2031 (decimal 8241)
   defining Unicode char U+2039 (decimal 8249)
   defining Unicode char U+203A (decimal 8250)
   defining Unicode char U+2423 (decimal 9251)
)
Now handling font encoding OT1 ...
... processing UTF-8 mapping file for font encoding OT1

(/usr/share/texlive/texmf-dist/tex/latex/base/ot1enc.dfu
File: ot1enc.dfu 2008/04/05 v1.1m UTF-8 support for inputenc
   defining Unicode char U+00A1 (decimal 161)
   defining Unicode char U+00A3 (decimal 163)
   defining Unicode char U+00B8 (decimal 184)
   defining Unicode char U+00BF (decimal 191)
   defining Unicode char U+00C5 (decimal 197)
   defining Unicode char U+00C6 (decimal 198)
   defining Unicode char U+00D8 (decimal 216)
   defining Unicode char U+00DF (decimal 223)
   defining Unicode char U+00E6 (decimal 230)
   defining Unicode char U+00EC (decimal 236)
   defining Unicode char U+00ED (decimal 237)
   defining Unicode char U+00EE (decimal 238)
   defining Unicode char U+00EF (decimal 239)
   defining Unicode char U+00F8 (decimal 248)
   defining Unicode char U+0131 (decimal 305)
   defining Unicode char U+0141 (decimal 321)
   defining Unicode char U+0142 (decimal 322)
   defining Unicode char U+0152 (decimal 338)
   defining Unicode char U+0153 (decimal 339)
   defining Unicode char U+2013 (decimal 8211)
   defining Unicode char U+2014 (decimal 8212)
   defining Unicode char U+2018 (decimal 8216)
   defining Unicode char U+2019 (decimal 8217)
   defining Unicode char U+201C (decimal 8220)
   defining Unicode char U+201D (decimal 8221)
)
Now handling font encoding OMS ...
... processing UTF-8 mapping file for font encoding OMS

(/usr/share/texlive/texmf-dist/tex/latex/base/omsenc.dfu
File: omsenc.dfu 2008/04/05 v1.1m UTF-8 support for inputenc
   defining Unicode char U+00A7 (decimal 167)
   defining Unicode char U+00B6 (decimal 182)
   defining Unicode char U+00B7 (decimal 183)
   defining Unicode char U+2020 (decimal 8224)
   defining Unicode char U+2021 (decimal 8225)
   defining Unicode char U+2022 (decimal 8226)
)
Now handling font encoding OMX ...
... no UTF-8 mapping file for font encoding OMX
Now handling font encoding U ...
... no UTF-8 mapping file for font encoding U
   defining Unicode char U+00A9 (decimal 169)
   defining Unicode char U+00AA (decimal 170)
   defining Unicode char U+00AE (decimal 174)
   defining Unicode char U+00BA (decimal 186)
   defining Unicode char U+02C6 (decimal 710)
   defining Unicode char U+02DC (decimal 732)
   defining Unicode char U+200C (decimal 8204)
   defining Unicode char U+2026 (decimal 8230)
   defining Unicode char U+2122 (decimal 8482)
   defining Unicode char U+2423 (decimal 9251)
))
(/usr/share/texlive/texmf-dist/tex/generic/babel/babel.sty
Package: babel 2013/12/03 3.9h The Babel package

(/usr/share/texlive/texmf-dist/tex/generic/babel-english/english.ldf
Language: english 2012/08/20 v3.3p English support from the babel system

(/usr/share/texlive/texmf-dist/tex/generic/babel/babel.def
File: babel.def 2013/12/03 3.9h Babel common definitions
\babel@savecnt=\count87
\U@D=\dimen103
)
\l@canadian = a dialect from \language\l@american 
\l@australian = a dialect from \language\l@british 
\l@newzealand = a dialect from \language\l@british 
))
(/usr/share/texlive/texmf-dist/tex/latex/amsmath/amsmath.sty
Package: amsmath 2013/01/14 v2.14 AMS math features
\@mathmargin=\skip43

For additional information on amsmath, use the `?' option.
(/usr/share/texlive/texmf-dist/tex/latex/amsmath/amstext.sty
Package: amstext 2000/06/29 v2.01

(/usr/share/texlive/texmf-dist/tex/latex/amsmath/amsgen.sty
File: amsgen.sty 1999/11/30 v2.0
\@emptytoks=\toks16
\ex@=\dimen104
))
(/usr/share/texlive/texmf-dist/tex/latex/amsmath/amsbsy.sty
Package: amsbsy 1999/11/29 v1.2d
\pmbraise@=\dimen105
)
(/usr/share/texlive/texmf-dist/tex/latex/amsmath/amsopn.sty
Package: amsopn 1999/12/14 v2.01 operator names
)
\inf@bad=\count88
LaTeX Info: Redefining \frac on input line 210.
\uproot@=\count89
\leftroot@=\count90
LaTeX Info: Redefining \overline on input line 306.
\classnum@=\count91
\DOTSCASE@=\count92
LaTeX Info: Redefining \ldots on input line 378.
LaTeX Info: Redefining \dots on input line 381.
LaTeX Info: Redefining \cdots on input line 466.
\Mathstrutbox@=\box26
\strutbox@=\box27
\big@size=\dimen106
LaTeX Font Info:    Redeclaring font encoding OML on input line 566.
LaTeX Font Info:    Redeclaring font encoding OMS on input line 567.
\macc@depth=\count93
\c@MaxMatrixCols=\count94
\dotsspace@=\muskip10
\c@parentequation=\count95
\dspbrk@lvl=\count96
\tag@help=\toks17
\row@=\count97
\column@=\count98
\maxfields@=\count99
\andhelp@=\toks18
\eqnshift@=\dimen107
\alignsep@=\dimen108
\tagshift@=\dimen109
\tagwidth@=\dimen110
\totwidth@=\dimen111
\lineht@=\dimen112
\@envbody=\toks19
\multlinegap=\skip44
\multlinetaggap=\skip45
\mathdisplay@stack=\toks20
LaTeX Info: Redefining \[ on input line 2665.
LaTeX Info: Redefining \] on input line 2666.
)
(/usr/share/texlive/texmf-dist/tex/latex/amsfonts/amsfonts.sty
Package: amsfonts 2013/01/14 v3.01 Basic AMSFonts support
\symAMSa=\mathgroup4
\symAMSb=\mathgroup5
LaTeX Font Info:    Overwriting math alphabet `\mathfrak' in version `bold'
(Font)                  U/euf/m/n --> U/euf/b/n on input line 106.
)
(/usr/share/texlive/texmf-dist/tex/latex/amsfonts/amssymb.sty
Package: amssymb 2013/01/14 v3.01 AMS font symbols
)
(/usr/share/texlive/texmf-dist/tex/latex/graphics/graphicx.sty
Package: graphicx 1999/02/16 v1.0f Enhanced LaTeX Graphics (DPC,SPQR)

(/usr/share/texlive/texmf-dist/tex/latex/graphics/keyval.sty
Package: keyval 1999/03/16 v1.13 key=value parser (DPC)
\KV@toks@=\toks21
)
(/usr/share/texlive/texmf-dist/tex/latex/graphics/graphics.sty
Package: graphics 2009/02/05 v1.0o Standard LaTeX Graphics (DPC,SPQR)

(/usr/share/texlive/texmf-dist/tex/latex/graphics/trig.sty
Package: trig 1999/03/16 v1.09 sin cos tan (DPC)
)
(/usr/share/texlive/texmf-dist/tex/latex/latexconfig/graphics.cfg
File: graphics.cfg 2010/04/23 v1.9 graphics configuration of TeX Live
)
Package graphics Info: Driver file: pdftex.def on input line 91.

(/usr/share/texlive/texmf-dist/tex/latex/pdftex-def/pdftex.def
File: pdftex.def 2011/05/27 v0.06d Graphics/color for pdfTeX

(/usr/share/texlive/texmf-dist/tex/generic/oberdiek/infwarerr.sty
Package: infwarerr 2010/04/08 v1.3 Providing info/warning/error messages (HO)
)
(/usr/share/texlive/texmf-dist/tex/generic/oberdiek/ltxcmds.sty
Package: ltxcmds 2011/11/09 v1.22 LaTeX kernel commands for general use (HO)
)
\Gread@gobject=\count100
))
\Gin@req@height=\dimen113
\Gin@req@width=\dimen114
)
(/usr/share/texlive/texmf-dist/tex/latex/oberdiek/epstopdf.sty
Package: epstopdf 2010/02/09 v2.5 Conversion with epstopdf on the fly (HO)

(/usr/share/texlive/texmf-dist/tex/latex/oberdiek/epstopdf-base.sty
Package: epstopdf-base 2010/02/09 v2.5 Base part for package epstopdf

(/usr/share/texlive/texmf-dist/tex/latex/oberdiek/grfext.sty
Package: grfext 2010/08/19 v1.1 Manage graphics extensions (HO)

(/usr/share/texlive/texmf-dist/tex/generic/oberdiek/kvdefinekeys.sty
Package: kvdefinekeys 2011/04/07 v1.3 Define keys (HO)
))
(/usr/share/texlive/texmf-dist/tex/latex/oberdiek/kvoptions.sty
Package: kvoptions 2011/06/30 v3.11 Key value format for package options (HO)

(/usr/share/texlive/texmf-dist/tex/generic/oberdiek/kvsetkeys.sty
Package: kvsetkeys 2012/04/25 v1.16 Key value parser (HO)

(/usr/share/texlive/texmf-dist/tex/generic/oberdiek/etexcmds.sty
Package: etexcmds 2011/02/16 v1.5 Avoid name clashes with e-TeX commands (HO)

(/usr/share/texlive/texmf-dist/tex/generic/oberdiek/ifluatex.sty
Package: ifluatex 2010/03/01 v1.3 Provides the ifluatex switch (HO)
Package ifluatex Info: LuaTeX not detected.
)
Package etexcmds Info: Could not find \expanded.
(etexcmds)             That can mean that you are not using pdfTeX 1.50 or
(etexcmds)             that some package has redefined \expanded.
(etexcmds)             In the latter case, load this package earlier.
)))
(/usr/share/texlive/texmf-dist/tex/generic/oberdiek/pdftexcmds.sty
Package: pdftexcmds 2011/11/29 v0.20 Utility functions of pdfTeX for LuaTeX (HO
)

(/usr/share/texlive/texmf-dist/tex/generic/oberdiek/ifpdf.sty
Package: ifpdf 2011/01/30 v2.3 Provides the ifpdf switch (HO)
Package ifpdf Info: pdfTeX in PDF mode is detected.
)
Package pdftexcmds Info: LuaTeX not detected.
Package pdftexcmds Info: \pdf@primitive is available.
Package pdftexcmds Info: \pdf@ifprimitive is available.
Package pdftexcmds Info: \pdfdraftmode found.
)
Package grfext Info: Graphics extension search list:
(grfext)             [.png,.pdf,.jpg,.mps,.jpeg,.jbig2,.jb2,.PNG,.PDF,.JPG,.JPE
G,.JBIG2,.JB2,.eps]
(grfext)             \AppendGraphicsExtensions on input line 452.

(/usr/share/texlive/texmf-dist/tex/latex/latexconfig/epstopdf-sys.cfg
File: epstopdf-sys.cfg 2010/07/13 v1.3 Configuration of (r)epstopdf for TeX Liv
e
)))
(/usr/share/texlive/texmf-dist/tex/latex/cite/cite.sty
LaTeX Info: Redefining \cite on input line 302.
LaTeX Info: Redefining \nocite on input line 373.
Package: cite 2010/09/10  v 5.3
)
(/usr/share/texlive/texmf-dist/tex/latex/hyperref/hyperref.sty
Package: hyperref 2012/11/06 v6.83m Hypertext links for LaTeX

(/usr/share/texlive/texmf-dist/tex/generic/oberdiek/hobsub-hyperref.sty
Package: hobsub-hyperref 2012/05/28 v1.13 Bundle oberdiek, subset hyperref (HO)


(/usr/share/texlive/texmf-dist/tex/generic/oberdiek/hobsub-generic.sty
Package: hobsub-generic 2012/05/28 v1.13 Bundle oberdiek, subset generic (HO)
Package: hobsub 2012/05/28 v1.13 Construct package bundles (HO)
Package hobsub Info: Skipping package `infwarerr' (already loaded).
Package hobsub Info: Skipping package `ltxcmds' (already loaded).
Package hobsub Info: Skipping package `ifluatex' (already loaded).
Package: ifvtex 2010/03/01 v1.5 Detect VTeX and its facilities (HO)
Package ifvtex Info: VTeX not detected.
Package: intcalc 2007/09/27 v1.1 Expandable calculations with integers (HO)
Package hobsub Info: Skipping package `ifpdf' (already loaded).
Package hobsub Info: Skipping package `etexcmds' (already loaded).
Package hobsub Info: Skipping package `kvsetkeys' (already loaded).
Package hobsub Info: Skipping package `kvdefinekeys' (already loaded).
Package hobsub Info: Skipping package `pdftexcmds' (already loaded).
Package: pdfescape 2011/11/25 v1.13 Implements pdfTeX's escape features (HO)
Package: bigintcalc 2012/04/08 v1.3 Expandable calculations on big integers (HO
)
Package: bitset 2011/01/30 v1.1 Handle bit-vector datatype (HO)
Package: uniquecounter 2011/01/30 v1.2 Provide unlimited unique counter (HO)
)
Package hobsub Info: Skipping package `hobsub' (already loaded).
Package: letltxmacro 2010/09/02 v1.4 Let assignment for LaTeX macros (HO)
Package: hopatch 2012/05/28 v1.2 Wrapper for package hooks (HO)
Package: xcolor-patch 2011/01/30 xcolor patch
Package: atveryend 2011/06/30 v1.8 Hooks at the very end of document (HO)
Package atveryend Info: \enddocument detected (standard20110627).
Package: atbegshi 2011/10/05 v1.16 At begin shipout hook (HO)
Package: refcount 2011/10/16 v3.4 Data extraction from label references (HO)
Package: hycolor 2011/01/30 v1.7 Color options for hyperref/bookmark (HO)
)
(/usr/share/texlive/texmf-dist/tex/generic/ifxetex/ifxetex.sty
Package: ifxetex 2010/09/12 v0.6 Provides ifxetex conditional
)
(/usr/share/texlive/texmf-dist/tex/latex/oberdiek/auxhook.sty
Package: auxhook 2011/03/04 v1.3 Hooks for auxiliary files (HO)
)
\@linkdim=\dimen115
\Hy@linkcounter=\count101
\Hy@pagecounter=\count102

(/usr/share/texlive/texmf-dist/tex/latex/hyperref/pd1enc.def
File: pd1enc.def 2012/11/06 v6.83m Hyperref: PDFDocEncoding definition (HO)
Now handling font encoding PD1 ...
... no UTF-8 mapping file for font encoding PD1
)
\Hy@SavedSpaceFactor=\count103

(/usr/share/texlive/texmf-dist/tex/latex/latexconfig/hyperref.cfg
File: hyperref.cfg 2002/06/06 v1.2 hyperref configuration of TeXLive
)
Package hyperref Info: Hyper figures OFF on input line 4443.
Package hyperref Info: Link nesting OFF on input line 4448.
Package hyperref Info: Hyper index ON on input line 4451.
Package hyperref Info: Plain pages OFF on input line 4458.
Package hyperref Info: Backreferencing OFF on input line 4463.
Package hyperref Info: Implicit mode ON; LaTeX internals redefined.
Package hyperref Info: Bookmarks ON on input line 4688.
\c@Hy@tempcnt=\count104

(/usr/share/texlive/texmf-dist/tex/latex/url/url.sty
\Urlmuskip=\muskip11
Package: url 2013/09/16  ver 3.4  Verb mode for urls, etc.
)
LaTeX Info: Redefining \url on input line 5041.
\XeTeXLinkMargin=\dimen116
\Fld@menulength=\count105
\Field@Width=\dimen117
\Fld@charsize=\dimen118
Package hyperref Info: Hyper figures OFF on input line 6295.
Package hyperref Info: Link nesting OFF on input line 6300.
Package hyperref Info: Hyper index ON on input line 6303.
Package hyperref Info: backreferencing OFF on input line 6310.
Package hyperref Info: Link coloring OFF on input line 6315.
Package hyperref Info: Link coloring with OCG OFF on input line 6320.
Package hyperref Info: PDF/A mode OFF on input line 6325.
LaTeX Info: Redefining \ref on input line 6365.
LaTeX Info: Redefining \pageref on input line 6369.
\Hy@abspage=\count106
\c@Item=\count107
\c@Hfootnote=\count108
)

Package hyperref Message: Driver (autodetected): hpdftex.

(/usr/share/texlive/texmf-dist/tex/latex/hyperref/hpdftex.def
File: hpdftex.def 2012/11/06 v6.83m Hyperref driver for pdfTeX
\Fld@listcount=\count109
\c@bookmark@seq@number=\count110

(/usr/share/texlive/texmf-dist/tex/latex/oberdiek/rerunfilecheck.sty
Package: rerunfilecheck 2011/04/15 v1.7 Rerun checks for auxiliary files (HO)
Package uniquecounter Info: New unique counter `rerunfilecheck' on input line 2
82.
)
\Hy@SectionHShift=\skip46
)
(./test.aux)
\openout1 = `test.aux'.

LaTeX Font Info:    Checking defaults for OML/cmm/m/it on input line 12.
LaTeX Font Info:    ... okay on input line 12.
LaTeX Font Info:    Checking defaults for T1/cmr/m/n on input line 12.
LaTeX Font Info:    ... okay on input line 12.
LaTeX Font Info:    Checking defaults for OT1/cmr/m/n on input line 12.
LaTeX Font Info:    ... okay on input line 12.
LaTeX Font Info:    Checking defaults for OMS/cmsy/m/n on input line 12.
LaTeX Font Info:    ... okay on input line 12.
LaTeX Font Info:    Checking defaults for OMX/cmex/m/n on input line 12.
LaTeX Font Info:    ... okay on input line 12.
LaTeX Font Info:    Checking defaults for U/cmr/m/n on input line 12.
LaTeX Font Info:    ... okay on input line 12.
LaTeX Font Info:    Checking defaults for PD1/pdf/m/n on input line 12.
LaTeX Font Info:    ... okay on input line 12.
 (/usr/share/texlive/texmf-dist/tex/context/base/supp-pdf.mkii
[Loading MPS to PDF converter (version 2006.09.02).]
\scratchcounter=\count111
\scratchdimen=\dimen119
\scratchbox=\box28
\nofMPsegments=\count112
\nofMParguments=\count113
\everyMPshowfont=\toks22
\MPscratchCnt=\count114
\MPscratchDim=\dimen120
\MPnumerator=\count115
\makeMPintoPDFobject=\count116
\everyMPtoPDFconversion=\toks23
)
\AtBeginShipoutBox=\box29
Package hyperref Info: Link coloring OFF on input line 12.
 (/usr/share/texlive/texmf-dist/tex/latex/hyperref/nameref.sty
Package: nameref 2012/10/27 v2.43 Cross-referencing by name of section

(/usr/share/texlive/texmf-dist/tex/generic/oberdiek/gettitlestring.sty
Package: gettitlestring 2010/12/03 v1.4 Cleanup title references (HO)
)
\c@section@level=\count117
)
LaTeX Info: Redefining \ref on input line 12.
LaTeX Info: Redefining \pageref on input line 12.
LaTeX Info: Redefining \nameref on input line 12.

(./test.out) (./test.out)
\@outlinefile=\write3
\openout3 = `test.out'.

LaTeX Font Info:    Try loading font information for U+msa on input line 21.

(/usr/share/texlive/texmf-dist/tex/latex/amsfonts/umsa.fd
File: umsa.fd 2013/01/14 v3.01 AMS symbols A
)
LaTeX Font Info:    Try loading font information for U+msb on input line 21.

(/usr/share/texlive/texmf-dist/tex/latex/amsfonts/umsb.fd
File: umsb.fd 2013/01/14 v3.01 AMS symbols B
) [1

{/var/lib/texmf/fonts/map/pdftex/updmap/pdftex.map}]
Package epstopdf Info: Source file: </home/fschubert/Master/plots/diff_hom/rate
_NO_th_compl.eps>
(epstopdf)                    date: 2016-04-12 18:52:29
(epstopdf)                    size: 239411 bytes
(epstopdf)             Output file: </home/fschubert/Master/plots/diff_hom/rate
_NO_th_compl-eps-converted-to.pdf>
(epstopdf)                    date: 2016-07-07 13:00:57
(epstopdf)                    size: 93156 bytes
(epstopdf)             Command: <epstopdf --outfile=/home/fschubert/Master/plot
s/diff_hom/rate_NO_th_compl-eps-converted-to.pdf /home/fschubert/Master/plots/d
iff_hom/rate_NO_th_compl.eps>
(epstopdf)             \includegraphics on input line 55.
Package epstopdf Info: Output file is already uptodate.

</home/fschubert/Master/plots/diff_hom/rate_NO_th_compl-eps-converted-to.pdf, i
d=60, 1425.325pt x 781.92125pt>
File: /home/fschubert/Master/plots/diff_hom/rate_NO_th_compl-eps-converted-to.p
df Graphic file (type pdf)

<use /home/fschubert/Master/plots/diff_hom/rate_NO_th_compl-eps-converted-to.pd
f>
Package pdftex.def Info: /home/fschubert/Master/plots/diff_hom/rate_NO_th_compl
-eps-converted-to.pdf used on input line 55.
(pdftex.def)             Requested size: 345.0pt x 189.2637pt.
Package epstopdf Info: Source file: </home/fschubert/Master/plots/diff_hom/rate
_NO_th_closeup.eps>
(epstopdf)                    date: 2016-04-12 18:54:37
(epstopdf)                    size: 91849 bytes
(epstopdf)             Output file: </home/fschubert/Master/plots/diff_hom/rate
_NO_th_closeup-eps-converted-to.pdf>
(epstopdf)                    date: 2016-07-07 13:00:58
(epstopdf)                    size: 42795 bytes
(epstopdf)             Command: <epstopdf --outfile=/home/fschubert/Master/plot
s/diff_hom/rate_NO_th_closeup-eps-converted-to.pdf /home/fschubert/Master/plots
/diff_hom/rate_NO_th_closeup.eps>
(epstopdf)             \includegraphics on input line 56.
Package epstopdf Info: Output file is already uptodate.

</home/fschubert/Master/plots/diff_hom/rate_NO_th_closeup-eps-converted-to.pdf,
 id=61, 1425.325pt x 781.92125pt>
File: /home/fschubert/Master/plots/diff_hom/rate_NO_th_closeup-eps-converted-to
.pdf Graphic file (type pdf)

<use /home/fschubert/Master/plots/diff_hom/rate_NO_th_closeup-eps-converted-to.
pdf>
Package pdftex.def Info: /home/fschubert/Master/plots/diff_hom/rate_NO_th_close
up-eps-converted-to.pdf used on input line 56.
(pdftex.def)             Requested size: 345.0pt x 189.2637pt.
 [2]
Package epstopdf Info: Source file: </home/fschubert/Master/plots/firing_rate_d
ists/firing_rate_dist_compare.eps>
(epstopdf)                    date: 2016-04-13 15:41:12
(epstopdf)                    size: 101551 bytes
(epstopdf)             Output file: </home/fschubert/Master/plots/firing_rate_d
ists/firing_rate_dist_compare-eps-converted-to.pdf>
(epstopdf)                    date: 2016-07-07 13:00:58
(epstopdf)                    size: 61599 bytes
(epstopdf)             Command: <epstopdf --outfile=/home/fschubert/Master/plot
s/firing_rate_dists/firing_rate_dist_compare-eps-converted-to.pdf /home/fschube
rt/Master/plots/firing_rate_dists/firing_rate_dist_compare.eps>
(epstopdf)             \includegraphics on input line 63.
Package epstopdf Info: Output file is already uptodate.

</home/fschubert/Master/plots/firing_rate_dists/firing_rate_dist_compare-eps-co
nverted-to.pdf, id=81, 931.48pt x 625.33624pt>
File: /home/fschubert/Master/plots/firing_rate_dists/firing_rate_dist_compare-e
ps-converted-to.pdf Graphic file (type pdf)

<use /home/fschubert/Master/plots/firing_rate_dists/firing_rate_dist_compare-ep
s-converted-to.pdf>
Package pdftex.def Info: /home/fschubert/Master/plots/firing_rate_dists/firing_
rate_dist_compare-eps-converted-to.pdf used on input line 63.
(pdftex.def)             Requested size: 345.0pt x 231.60933pt.
Package epstopdf Info: Source file: </home/fschubert/Master/plots/diff_hom/thre
shold_dist_compare.eps>
(epstopdf)                    date: 2016-07-07 12:00:32
(epstopdf)                    size: 294845 bytes
(epstopdf)             Output file: </home/fschubert/Master/plots/diff_hom/thre
shold_dist_compare-eps-converted-to.pdf>
(epstopdf)                    date: 2016-07-07 13:00:59
(epstopdf)                    size: 75087 bytes
(epstopdf)             Command: <epstopdf --outfile=/home/fschubert/Master/plot
s/diff_hom/threshold_dist_compare-eps-converted-to.pdf /home/fschubert/Master/p
lots/diff_hom/threshold_dist_compare.eps>
(epstopdf)             \includegraphics on input line 69.
Package epstopdf Info: Output file is already uptodate.

</home/fschubert/Master/plots/diff_hom/threshold_dist_compare-eps-converted-to.
pdf, id=83, 1087.06125pt x 506.89375pt>
File: /home/fschubert/Master/plots/diff_hom/threshold_dist_compare-eps-converte
d-to.pdf Graphic file (type pdf)

<use /home/fschubert/Master/plots/diff_hom/threshold_dist_compare-eps-converted
-to.pdf>
Package pdftex.def Info: /home/fschubert/Master/plots/diff_hom/threshold_dist_c
ompare-eps-converted-to.pdf used on input line 69.
(pdftex.def)             Requested size: 345.0pt x 160.87123pt.
Package epstopdf Info: Source file: </home/fschubert/Master/plots/Spike_Stats/I
SI_compare_SORN.eps>
(epstopdf)                    date: 2016-04-14 14:01:39
(epstopdf)                    size: 54200 bytes
(epstopdf)             Output file: </home/fschubert/Master/plots/Spike_Stats/I
SI_compare_SORN-eps-converted-to.pdf>
(epstopdf)                    date: 2016-07-07 13:00:59
(epstopdf)                    size: 17795 bytes
(epstopdf)             Command: <epstopdf --outfile=/home/fschubert/Master/plot
s/Spike_Stats/ISI_compare_SORN-eps-converted-to.pdf /home/fschubert/Master/plot
s/Spike_Stats/ISI_compare_SORN.eps>
(epstopdf)             \includegraphics on input line 78.
Package epstopdf Info: Output file is already uptodate.

</home/fschubert/Master/plots/Spike_Stats/ISI_compare_SORN-eps-converted-to.pdf
, id=85, 1081.03876pt x 666.49pt>
File: /home/fschubert/Master/plots/Spike_Stats/ISI_compare_SORN-eps-converted-t
o.pdf Graphic file (type pdf)

<use /home/fschubert/Master/plots/Spike_Stats/ISI_compare_SORN-eps-converted-to
.pdf>
Package pdftex.def Info: /home/fschubert/Master/plots/Spike_Stats/ISI_compare_S
ORN-eps-converted-to.pdf used on input line 78.
(pdftex.def)             Requested size: 345.0pt x 212.70148pt.
Package epstopdf Info: Source file: </home/fschubert/Master/plots/Spike_Stats/s
pike_sequence.eps>
(epstopdf)                    date: 2016-04-05 10:33:40
(epstopdf)                    size: 2049298 bytes
(epstopdf)             Output file: </home/fschubert/Master/plots/Spike_Stats/s
pike_sequence-eps-converted-to.pdf>
(epstopdf)                    date: 2016-07-07 13:01:06
(epstopdf)                    size: 28503 bytes
(epstopdf)             Command: <epstopdf --outfile=/home/fschubert/Master/plot
s/Spike_Stats/spike_sequence-eps-converted-to.pdf /home/fschubert/Master/plots/
Spike_Stats/spike_sequence.eps>
(epstopdf)             \includegraphics on input line 85.
Package epstopdf Info: Output file is already uptodate.

</home/fschubert/Master/plots/Spike_Stats/spike_sequence-eps-converted-to.pdf, 
id=87, 1457.445pt x 356.33125pt>
File: /home/fschubert/Master/plots/Spike_Stats/spike_sequence-eps-converted-to.
pdf Graphic file (type pdf)

<use /home/fschubert/Master/plots/Spike_Stats/spike_sequence-eps-converted-to.p
df>
Package pdftex.def Info: /home/fschubert/Master/plots/Spike_Stats/spike_sequenc
e-eps-converted-to.pdf used on input line 85.
(pdftex.def)             Requested size: 345.0pt x 84.3468pt.
LaTeX Font Info:    Try loading font information for OMS+cmr on input line 97.
 (/usr/share/texlive/texmf-dist/tex/latex/base/omscmr.fd
File: omscmr.fd 1999/05/25 v2.5h Standard LaTeX font definitions
)
LaTeX Font Info:    Font shape `OMS/cmr/m/n' in size <10> not available
(Font)              Font shape `OMS/cmsy/m/n' tried instead on input line 97.
 [3] [4 </home/fschubert/Master/plots/diff_hom/rate_NO_th_compl-eps-converted-t
o.pdf> </home/fschubert/Master/plots/diff_hom/rate_NO_th_closeup-eps-converted-
to.pdf>] [5 </home/fschubert/Master/plots/firing_rate_dists/firing_rate_dist_co
mpare-eps-converted-to.pdf> </home/fschubert/Master/plots/diff_hom/threshold_di
st_compare-eps-converted-to.pdf>] [6 </home/fschubert/Master/plots/Spike_Stats/
ISI_compare_SORN-eps-converted-to.pdf> </home/fschubert/Master/plots/Spike_Stat
s/spike_sequence-eps-converted-to.pdf>]
Package epstopdf Info: Source file: </home/fschubert/Master/plots/diff_hom/thre
sh_r_linfit.eps>
(epstopdf)                    date: 2016-07-07 11:58:16
(epstopdf)                    size: 663179 bytes
(epstopdf)             Output file: </home/fschubert/Master/plots/diff_hom/thre
sh_r_linfit-eps-converted-to.pdf>
(epstopdf)                    date: 2016-07-07 13:01:07
(epstopdf)                    size: 226302 bytes
(epstopdf)             Command: <epstopdf --outfile=/home/fschubert/Master/plot
s/diff_hom/thresh_r_linfit-eps-converted-to.pdf /home/fschubert/Master/plots/di
ff_hom/thresh_r_linfit.eps>
(epstopdf)             \includegraphics on input line 114.
Package epstopdf Info: Output file is already uptodate.

</home/fschubert/Master/plots/diff_hom/thresh_r_linfit-eps-converted-to.pdf, id
=247, 1239.63126pt x 947.54pt>
File: /home/fschubert/Master/plots/diff_hom/thresh_r_linfit-eps-converted-to.pd
f Graphic file (type pdf)

<use /home/fschubert/Master/plots/diff_hom/thresh_r_linfit-eps-converted-to.pdf
>
Package pdftex.def Info: /home/fschubert/Master/plots/diff_hom/thresh_r_linfit-
eps-converted-to.pdf used on input line 114.
(pdftex.def)             Requested size: 345.0pt x 263.70451pt.
Package epstopdf Info: Source file: </home/fschubert/Master/plots/diff_hom/lin_
model_osc.eps>
(epstopdf)                    date: 2016-04-15 11:33:32
(epstopdf)                    size: 366781 bytes
(epstopdf)             Output file: </home/fschubert/Master/plots/diff_hom/lin_
model_osc-eps-converted-to.pdf>
(epstopdf)                    date: 2016-07-07 13:01:07
(epstopdf)                    size: 104376 bytes
(epstopdf)             Command: <epstopdf --outfile=/home/fschubert/Master/plot
s/diff_hom/lin_model_osc-eps-converted-to.pdf /home/fschubert/Master/plots/diff
_hom/lin_model_osc.eps>
(epstopdf)             \includegraphics on input line 119.
Package epstopdf Info: Output file is already uptodate.

</home/fschubert/Master/plots/diff_hom/lin_model_osc-eps-converted-to.pdf, id=2
48, 867.24pt x 565.11125pt>
File: /home/fschubert/Master/plots/diff_hom/lin_model_osc-eps-converted-to.pdf 
Graphic file (type pdf)

<use /home/fschubert/Master/plots/diff_hom/lin_model_osc-eps-converted-to.pdf>
Package pdftex.def Info: /home/fschubert/Master/plots/diff_hom/lin_model_osc-ep
s-converted-to.pdf used on input line 119.
(pdftex.def)             Requested size: 345.0pt x 224.80742pt.

[7] [8 </home/fschubert/Master/plots/diff_hom/thresh_r_linfit-eps-converted-to.
pdf> </home/fschubert/Master/plots/diff_hom/lin_model_osc-eps-converted-to.pdf>
]
Package epstopdf Info: Source file: </home/fschubert/Master/plots/power_spec/po
wer_spectrum3.eps>
(epstopdf)                    date: 2016-04-17 21:34:35
(epstopdf)                    size: 41871 bytes
(epstopdf)             Output file: </home/fschubert/Master/plots/power_spec/po
wer_spectrum3-eps-converted-to.pdf>
(epstopdf)                    date: 2016-07-13 16:54:47
(epstopdf)                    size: 15500 bytes
(epstopdf)             Command: <epstopdf --outfile=/home/fschubert/Master/plot
s/power_spec/power_spectrum3-eps-converted-to.pdf /home/fschubert/Master/plots/
power_spec/power_spectrum3.eps>
(epstopdf)             \includegraphics on input line 158.
Package epstopdf Info: Output file is already uptodate.

</home/fschubert/Master/plots/power_spec/power_spectrum3-eps-converted-to.pdf, 
id=306, 610.28pt x 436.63126pt>
File: /home/fschubert/Master/plots/power_spec/power_spectrum3-eps-converted-to.
pdf Graphic file (type pdf)

<use /home/fschubert/Master/plots/power_spec/power_spectrum3-eps-converted-to.p
df>
Package pdftex.def Info: /home/fschubert/Master/plots/power_spec/power_spectrum
3-eps-converted-to.pdf used on input line 158.
(pdftex.def)             Requested size: 345.0pt x 246.84369pt.
 [9] [10 </home/fschubert/Master/plots/power_spec/power_spectrum3-eps-converted
-to.pdf>] [11]
</home/fschubert/Master/plots/rate_threshold_simpl_hip_alpha/rate_threshold_sim
pl_hip_alpha_comb.png, id=358, 587.0733pt x 442.5333pt>
File: /home/fschubert/Master/plots/rate_threshold_simpl_hip_alpha/rate_threshol
d_simpl_hip_alpha_comb.png Graphic file (type png)

<use /home/fschubert/Master/plots/rate_threshold_simpl_hip_alpha/rate_threshold
_simpl_hip_alpha_comb.png>
Package pdftex.def Info: /home/fschubert/Master/plots/rate_threshold_simpl_hip_
alpha/rate_threshold_simpl_hip_alpha_comb.png used on input line 241.
(pdftex.def)             Requested size: 345.0pt x 260.05925pt.
 [12 </home/fschubert/Master/plots/rate_threshold_simpl_hip_alpha/rate_threshol
d_simpl_hip_alpha_comb.png>] [13]
</home/fschubert/Master/plots/diff_rate_solve.png, id=390, 578.16pt x 433.62pt>
File: /home/fschubert/Master/plots/diff_rate_solve.png Graphic file (type png)
<use /home/fschubert/Master/plots/diff_rate_solve.png>
Package pdftex.def Info: /home/fschubert/Master/plots/diff_rate_solve.png used 
on input line 311.
(pdftex.def)             Requested size: 345.0pt x 258.74484pt.
 (./test.bbl [14 </home/fschubert/Master/plots/diff_rate_solve.png>])
Package atveryend Info: Empty hook `BeforeClearDocument' on input line 322.
 [15]
Package atveryend Info: Empty hook `AfterLastShipout' on input line 322.
 (./test.aux)
Package atveryend Info: Executing hook `AtVeryEndDocument' on input line 322.
Package atveryend Info: Executing hook `AtEndAfterFileList' on input line 322.
Package rerunfilecheck Info: File `test.out' has not changed.
(rerunfilecheck)             Checksum: EACF1C9994E8129372BE19841BE289D6;442.
Package atveryend Info: Empty hook `AtVeryVeryEnd' on input line 322.
 ) 
Here is how much of TeX's memory you used:
 6836 strings out of 493304
 100117 string characters out of 6139871
 191692 words of memory out of 5000000
 10084 multiletter control sequences out of 15000+600000
 7822 words of font info for 30 fonts, out of 8000000 for 9000
 957 hyphenation exceptions out of 8191
 42i,11n,28p,1052b,452s stack positions out of 5000i,500n,10000p,200000b,80000s
</usr/share/texlive/texmf-dist/fonts/type1/public/amsfonts/cm/cmbx10.pfb></us
r/share/texlive/texmf-dist/fonts/type1/public/amsfonts/cm/cmbx12.pfb></usr/shar
e/texlive/texmf-dist/fonts/type1/public/amsfonts/cm/cmex10.pfb></usr/share/texl
ive/texmf-dist/fonts/type1/public/amsfonts/cm/cmmi10.pfb></usr/share/texlive/te
xmf-dist/fonts/type1/public/amsfonts/cm/cmmi5.pfb></usr/share/texlive/texmf-dis
t/fonts/type1/public/amsfonts/cm/cmmi7.pfb></usr/share/texlive/texmf-dist/fonts
/type1/public/amsfonts/cm/cmr10.pfb></usr/share/texlive/texmf-dist/fonts/type1/
public/amsfonts/cm/cmr5.pfb></usr/share/texlive/texmf-dist/fonts/type1/public/a
msfonts/cm/cmr7.pfb></usr/share/texlive/texmf-dist/fonts/type1/public/amsfonts/
cm/cmsy10.pfb></usr/share/texlive/texmf-dist/fonts/type1/public/amsfonts/cm/cms
y7.pfb></usr/share/texlive/texmf-dist/fonts/type1/public/amsfonts/cm/cmti10.pfb
>
Output written on test.pdf (15 pages, 1290828 bytes).
PDF statistics:
 465 PDF objects out of 1000 (max. 8388607)
 279 compressed objects within 3 object streams
 80 named destinations out of 1000 (max. 500000)
 112 words of extra memory for PDF output out of 10000 (max. 10000000)

